This is LuaHBTeX, Version 1.25.7 (MiKTeX 26.5) (format=lualatex 2026.10.5)  6 OCT 2026 16:46
 restricted system commands enabled.
**resume.tex
(./resume.tex
LaTeX2e <2026-06-01>
L3 programming layer <2026-09-09>
Lua module: luaotfload 2024-12-03 v3.29 Lua based OpenType font support
Lua module: lualibs 2023-07-13 v2.76 ConTeXt Lua standard libraries.
Lua module: lualibs-extended 2023-07-13 v2.76 ConTeXt Lua libraries -- extended 
collection.
luaotfload | conf : Root cache directory is "C:/Users/maste/AppData/Local/MiKTeX
/luatex-cache/generic/names".
luaotfload | init : Loading fontloader "fontloader-2023-12-28.lua" from kpse-res
olved path "D:/MiKTeX/tex/luatex/luaotfload/fontloader-2023-12-28.lua".
Lua-only attribute luaotfload@noligature = 1
luaotfload | init : Context OpenType loader version 3.134
Inserting `luaotfload.node_processor' in `pre_linebreak_filter'.
Inserting `luaotfload.node_processor' in `hpack_filter'.
Inserting `luaotfload.glyph_stream' in `glyph_stream_provider'.
Inserting `luaotfload.define_font' in `define_font'.
Lua-only attribute luaotfload_color_attribute = 2
luaotfload | conf : Root cache directory is "C:/Users/maste/AppData/Local/MiKTeX
/luatex-cache/generic/names".
Inserting `luaotfload.harf.strip_prefix' in `find_opentype_file'.
Inserting `luaotfload.harf.strip_prefix' in `find_truetype_file'.
Removing  `luaotfload.glyph_stream' from `glyph_stream_provider'.
Inserting `luaotfload.harf.glyphstream' in `glyph_stream_provider'.
Inserting `luaotfload.harf.finalize_vlist' in `post_linebreak_filter'.
Inserting `luaotfload.harf.finalize_hlist' in `hpack_filter'.
Inserting `luaotfload.cleanup_files' in `wrapup_run'.
Inserting `luaotfload.harf.finalize_unicode' in `finish_pdffile'.
Inserting `luaotfload.glyphinfo' in `glyph_info'.
Lua-only attribute luaotfload.letterspace_done = 3
Inserting `luaotfload.aux.set_sscale_dimens' in `luaotfload.patch_font'.
Inserting `luaotfload.aux.set_font_index' in `luaotfload.patch_font'.
Inserting `luaotfload.aux.patch_cambria_domh' in `luaotfload.patch_font'.
Inserting `luaotfload.aux.fixup_fontdata' in `luaotfload.patch_font_unsafe'.
Inserting `luaotfload.aux.set_capheight' in `luaotfload.patch_font'.
Inserting `luaotfload.aux.set_xheight' in `luaotfload.patch_font'.
Inserting `luaotfload.rewrite_fontname' in `luaotfload.patch_font'.
Inserting `tracingstacklevels' in `input_level_string'. (D:/MiKTeX/tex/latex/ba
se/article.cls
Document Class: article 2025/01/22 v1.4n Standard LaTeX document class
(D:/MiKTeX/tex/latex/base/size12.clo
File: size12.clo 2025/01/22 v1.4n Standard LaTeX file (size option)
luaotfload | db : Font names database loaded from C:/Users/maste/AppData/Local/M
iKTeX/luatex-cache/generic/names/luaotfload-names.luc.gz)
\c@part=\count274
\c@section=\count275
\c@subsection=\count276
\c@subsubsection=\count277
\c@paragraph=\count278
\c@subparagraph=\count279
\c@figure=\count280
\c@table=\count281
\abovecaptionskip=\skip49
\belowcaptionskip=\skip50
\bibindent=\dimen149
)
(D:/MiKTeX/tex/latex/geometry/geometry.sty
Package: geometry 2026/03/07 v6.0 Page Geometry

(D:/MiKTeX/tex/latex/graphics/keyval.sty
Package: keyval 2026-05-17 v1.15 key=value parser (DPC)
\KV@toks@=\toks17
)
(D:/MiKTeX/tex/generic/iftex/ifvtex.sty
Package: ifvtex 2019/10/25 v1.7 ifvtex legacy package. Use iftex instead.
 (D:/MiKTeX/tex/generic/iftex/iftex.sty
Package: iftex 2024/12/12 v1.0g TeX engine tests
))
\Gm@cnth=\count282
\Gm@cntv=\count283
\c@Gm@tempcnt=\count284
\Gm@bindingoffset=\dimen150
\Gm@wd@mp=\dimen151
\Gm@odd@mp=\dimen152
\Gm@even@mp=\dimen153
\Gm@layoutwidth=\dimen154
\Gm@layoutheight=\dimen155
\Gm@layouthoffset=\dimen156
\Gm@layoutvoffset=\dimen157
\Gm@dimlist=\toks18
 (D:/MiKTeX/tex/latex/geometry/geometry.cfg))
(D:/MiKTeX/tex/latex/base/fontenc.sty
Package: fontenc 2025/07/18 v2.1d Standard LaTeX package
LaTeX Font Info:    Trying to load font information for T1+lmr on input line 11
6.
 (D:/MiKTeX/tex/latex/lm/t1lmr.fd
File: t1lmr.fd 2015/05/01 v1.6.1 Font defs for Latin Modern
))
(D:/MiKTeX/tex/latex/fontspec/fontspec.sty
Package: fontspec 2026/08/11 v2.9h Font selection for XeLaTeX and LuaLaTeX
Lua module: fontspec 2026/08/11 v2.9h Font selection for XeLaTeX and LuaLaTeX
(D:/MiKTeX/tex/latex/fontspec/fontspec-luatex.sty
Package: fontspec-luatex 2026/08/11 v2.9h Font selection for XeLaTeX and LuaLaT
eX
\l__fontspec_script_int=\count285
\l__fontspec_language_int=\count286
\l__fontspec_strnum_int=\count287
\l__fontspec_tmp_int=\count288
\l__fontspec_tmpa_int=\count289
\l__fontspec_tmpb_int=\count290
\l__fontspec_tmpc_int=\count291
\l__fontspec_em_int=\count292
\l__fontspec_emdef_int=\count293
\l__fontspec_strong_int=\count294
\l__fontspec_strongdef_int=\count295
\l__fontspec_tmpa_dim=\dimen158
\l__fontspec_tmpb_dim=\dimen159
\l__fontspec_tmpc_dim=\dimen160

(D:/MiKTeX/tex/latex/base/fontenc.sty
Package: fontenc 2025/07/18 v2.1d Standard LaTeX package
)
(D:/MiKTeX/tex/latex/fontspec/fontspec.cfg)))
(D:/MiKTeX/tex/latex/titlesec/titlesec.sty
Package: titlesec 2025/01/04 v2.17 Sectioning titles
\ttl@box=\box53
\beforetitleunit=\skip51
\aftertitleunit=\skip52
\ttl@plus=\dimen161
\ttl@minus=\dimen162
\ttl@toksa=\toks19
\titlewidth=\dimen163
\titlewidthlast=\dimen164
\titlewidthfirst=\dimen165
)
(D:/MiKTeX/tex/latex/enumitem/enumitem.sty
Package: enumitem 2025/02/06 v3.11 Customized lists
\labelindent=\skip53
\enit@outerparindent=\dimen166
\enit@toks=\toks20
\enit@inbox=\box54
\enit@count@id=\count296
\enitdp@description=\count297
)
(D:/MiKTeX/tex/latex/hyphenat/hyphenat.sty
Package: hyphenat 2009/09/02 v2.3c hyphenation utilities
\langwohyphens=\language2
LaTeX Info: Redefining \_ on input line 43.
)
(D:/MiKTeX/tex/latex/ragged2e/ragged2e.sty
Package: ragged2e 2023/06/22 v3.6 ragged2e Package
\CenteringLeftskip=\skip54
\RaggedLeftLeftskip=\skip55
\RaggedRightLeftskip=\skip56
\CenteringRightskip=\skip57
\RaggedLeftRightskip=\skip58
\RaggedRightRightskip=\skip59
\CenteringParfillskip=\skip60
\RaggedLeftParfillskip=\skip61
\RaggedRightParfillskip=\skip62
\JustifyingParfillskip=\skip63
\CenteringParindent=\skip64
\RaggedLeftParindent=\skip65
\RaggedRightParindent=\skip66
\JustifyingParindent=\skip67
)
luaotfload | cache : Lookup cache loaded from C:/Users/maste/AppData/Local/MiKTe
X/luatex-cache/generic/names/luaotfload-lookup-cache.luc.

Package fontspec Info: 
(fontspec)             Font family 'TimesNewRoman(0)' created for font 'Times
(fontspec)             New Roman' with options [Ligatures=TeX].
(fontspec)              
(fontspec)              This font family consists of the following NFSS
(fontspec)             series/shapes:
(fontspec)              
(fontspec)             - 'normal' (m/n) with NFSS spec.: <->"name:Times New
(fontspec)             Roman:mode=node;script=latn;language=dflt;+tlig;"
(fontspec)             - 'small caps'  (m/sc) with NFSS spec.: <->"name:Times
(fontspec)             New
(fontspec)             Roman:mode=node;script=latn;language=dflt;+tlig;+smcp;"
(fontspec)             - 'bold' (b/n) with NFSS spec.: <->"name:Times New
(fontspec)             Roman/B:mode=node;script=latn;language=dflt;+tlig;"
(fontspec)             - 'bold small caps'  (b/sc) with NFSS spec.:
(fontspec)             <->"name:Times New
(fontspec)             Roman/B:mode=node;script=latn;language=dflt;+tlig;+smcp;
"
(fontspec)             - 'italic' (m/it) with NFSS spec.: <->"name:Times New
(fontspec)             Roman/I:mode=node;script=latn;language=dflt;+tlig;"
(fontspec)             - 'italic small caps'  (m/scit) with NFSS spec.:
(fontspec)             <->"name:Times New
(fontspec)             Roman/I:mode=node;script=latn;language=dflt;+tlig;+smcp;
"
(fontspec)             - 'bold italic' (b/it) with NFSS spec.: <->"name:Times
(fontspec)             New
(fontspec)             Roman/BI:mode=node;script=latn;language=dflt;+tlig;"
(fontspec)             - 'bold italic small caps'  (b/scit) with NFSS spec.:
(fontspec)             <->"name:Times New
(fontspec)             Roman/BI:mode=node;script=latn;language=dflt;+tlig;+smcp
;"


(D:/MiKTeX/tex/latex/l3kernel/l3backend-luatex.def
File: l3backend-luatex.def 2026-09-09 L3 backend support: PDF output (LuaTeX)
\l__color_backend_stack_int=\count298
Inserting `l3color' in `luaotfload.parse_color'.)

LaTeX Warning: Unused global option(s):
    [letter].

(./resume.aux)
\openout1 = resume.aux

LaTeX Font Info:    Checking defaults for OML/cmm/m/it on input line 19.
LaTeX Font Info:    ... okay on input line 19.
LaTeX Font Info:    Checking defaults for OMS/cmsy/m/n on input line 19.
LaTeX Font Info:    ... okay on input line 19.
LaTeX Font Info:    Checking defaults for OT1/cmr/m/n on input line 19.
LaTeX Font Info:    ... okay on input line 19.
LaTeX Font Info:    Checking defaults for T1/cmr/m/n on input line 19.
LaTeX Font Info:    ... okay on input line 19.
LaTeX Font Info:    Checking defaults for TS1/cmr/m/n on input line 19.
LaTeX Font Info:    ... okay on input line 19.
LaTeX Font Info:    Checking defaults for TU/lmr/m/n on input line 19.
LaTeX Font Info:    ... okay on input line 19.
LaTeX Font Info:    Checking defaults for OMX/cmex/m/n on input line 19.
LaTeX Font Info:    ... okay on input line 19.
LaTeX Font Info:    Checking defaults for U/cmr/m/n on input line 19.
LaTeX Font Info:    ... okay on input line 19.

*geometry* driver: auto-detecting
*geometry* detected driver: luatex
*geometry* verbose mode - [ preamble ] result:
* driver: luatex
* paper: custom
* layout: <same size as paper>
* layoutoffset:(h,v)=(0.0pt,0.0pt)
* modes: 
* h-part:(L,W,R)=(72.26999pt, 469.75502pt, 72.26999pt)
* v-part:(T,H,B)=(72.26999pt, 650.43001pt, 72.26999pt)
* \paperwidth=614.295pt
* \paperheight=794.96999pt
* \textwidth=469.75502pt
* \textheight=650.43001pt
* \oddsidemargin=0.0pt
* \evensidemargin=0.0pt
* \topmargin=-37.0pt
* \headheight=12.0pt
* \headsep=25.0pt
* \topskip=12.0pt
* \footskip=30.0pt
* \marginparwidth=44.0pt
* \marginparsep=10.0pt
* \columnsep=10.0pt
* \skip\footins=10.8pt plus 4.0pt minus 2.0pt
* \hoffset=0.0pt
* \voffset=0.0pt
* \mag=1000
* \@twocolumnfalse
* \@twosidefalse
* \@mparswitchfalse
* \@reversemarginfalse
* (1in=72.27pt=25.4mm, 1cm=28.453pt)


Package fontspec Info: 
(fontspec)             Adjusting the maths setup (use [no-math] to avoid
(fontspec)             this).

\symlegacymaths=\mathgroup4
LaTeX Font Info:    Overwriting symbol font `legacymaths' in version `bold'
(Font)                  OT1/cmr/m/n --> OT1/cmr/bx/n on input line 19.
LaTeX Font Info:    Redeclaring math accent \acute on input line 19.
LaTeX Font Info:    Redeclaring math accent \grave on input line 19.
LaTeX Font Info:    Redeclaring math accent \ddot on input line 19.
LaTeX Font Info:    Redeclaring math accent \tilde on input line 19.
LaTeX Font Info:    Redeclaring math accent \bar on input line 19.
LaTeX Font Info:    Redeclaring math accent \breve on input line 19.
LaTeX Font Info:    Redeclaring math accent \check on input line 19.
LaTeX Font Info:    Redeclaring math accent \hat on input line 19.
LaTeX Font Info:    Redeclaring math accent \dot on input line 19.
LaTeX Font Info:    Redeclaring math accent \mathring on input line 19.
LaTeX Font Info:    Redeclaring math symbol \colon on input line 19.
LaTeX Font Info:    Redeclaring math symbol \Gamma on input line 19.
LaTeX Font Info:    Redeclaring math symbol \Delta on input line 19.
LaTeX Font Info:    Redeclaring math symbol \Theta on input line 19.
LaTeX Font Info:    Redeclaring math symbol \Lambda on input line 19.
LaTeX Font Info:    Redeclaring math symbol \Xi on input line 19.
LaTeX Font Info:    Redeclaring math symbol \Pi on input line 19.
LaTeX Font Info:    Redeclaring math symbol \Sigma on input line 19.
LaTeX Font Info:    Redeclaring math symbol \Upsilon on input line 19.
LaTeX Font Info:    Redeclaring math symbol \Phi on input line 19.
LaTeX Font Info:    Redeclaring math symbol \Psi on input line 19.
LaTeX Font Info:    Redeclaring math symbol \Omega on input line 19.
LaTeX Font Info:    Redeclaring math symbol \mathdollar on input line 19.
LaTeX Font Info:    Redeclaring symbol font `operators' on input line 19.
LaTeX Font Info:    Encoding `OT1' has changed to `TU' for symbol font
(Font)              `operators' in the math version `normal' on input line 19.
LaTeX Font Info:    Overwriting symbol font `operators' in version `normal'
(Font)                  OT1/cmr/m/n --> TU/TimesNewRoman(0)/m/n on input line 1
9.
LaTeX Font Info:    Encoding `OT1' has changed to `TU' for symbol font
(Font)              `operators' in the math version `bold' on input line 19.
LaTeX Font Info:    Overwriting symbol font `operators' in version `bold'
(Font)                  OT1/cmr/bx/n --> TU/TimesNewRoman(0)/m/n on input line 
19.
LaTeX Font Info:    Overwriting symbol font `operators' in version `normal'
(Font)                  TU/TimesNewRoman(0)/m/n --> TU/TimesNewRoman(0)/m/n on 
input line 19.
LaTeX Font Info:    Overwriting math alphabet `\mathit' in version `normal'
(Font)                  OT1/cmr/m/it --> TU/TimesNewRoman(0)/m/it on input line
 19.
LaTeX Font Info:    Overwriting math alphabet `\mathbf' in version `normal'
(Font)                  OT1/cmr/bx/n --> TU/TimesNewRoman(0)/b/n on input line 
19.
LaTeX Font Info:    Overwriting math alphabet `\mathsf' in version `normal'
(Font)                  OT1/cmss/m/n --> TU/lmss/m/n on input line 19.
LaTeX Font Info:    Overwriting math alphabet `\mathtt' in version `normal'
(Font)                  OT1/cmtt/m/n --> TU/lmtt/m/n on input line 19.
LaTeX Font Info:    Overwriting symbol font `operators' in version `bold'
(Font)                  TU/TimesNewRoman(0)/m/n --> TU/TimesNewRoman(0)/b/n on 
input line 19.
LaTeX Font Info:    Overwriting math alphabet `\mathit' in version `bold'
(Font)                  OT1/cmr/bx/it --> TU/TimesNewRoman(0)/b/it on input lin
e 19.
LaTeX Font Info:    Overwriting math alphabet `\mathsf' in version `bold'
(Font)                  OT1/cmss/bx/n --> TU/lmss/b/n on input line 19.
LaTeX Font Info:    Overwriting math alphabet `\mathtt' in version `bold'
(Font)                  OT1/cmtt/m/n --> TU/lmtt/b/n on input line 19.

Overfull \hbox (1.57051pt too wide) in paragraph at lines 25--26
\TU/TimesNewRoman(0)/m/n/14.4 and cross‑func-tional co-or-di-na-tion with In-f
ras-truc-ture, Net-work-ing, Cy-ber-se-cu-rity, 
 []


Overfull \hbox (5.33226pt too wide) in paragraph at lines 35--36
\TU/TimesNewRoman(0)/m/n/14.4 Pro-gressed from prod-uct de-vel-op-ment into pro-
duc-tion sup-port to take on tech-ni-cal 
 []


Overfull \hbox (1.008pt too wide) in paragraph at lines 35--36
\TU/TimesNewRoman(0)/m/n/14.4 lead-er-ship for customer-impacting sys-tems, us-i
ng prod-uct en-gi-neer-ing ex-pe-ri-ence 
 []


Overfull \hbox (39.66351pt too wide) in paragraph at lines 40--41
\TU/TimesNewRoman(0)/m/n/14.4 pro-vid-ing tech-ni-cal di-rec-tion, ca-reer de-ve
l-op-ment, hir-ing sup-port, and per-for-mance 
 []

[1

{C:/Users/maste/AppData/Local/MiKTeX/fonts/map/pdftex/pdftex.map}]
Overfull \hbox (16.50261pt too wide) in paragraph at lines 46--47
[]\TU/TimesNewRoman(0)/m/n/14.4 De-signed and im-ple-mented a 24/7 on call ro-ta
-tion, es-tab-lish-ing clear es-ca-la-tion 
 []


Overfull \hbox (11.37683pt too wide) in paragraph at lines 47--48
[]\TU/TimesNewRoman(0)/m/n/14.4 De-vel-oped run-books, SOPs, and trou-bleshoot-i
ng guides to im-prove tech-ni-cian 
 []


Overfull \hbox (30.88145pt too wide) in paragraph at lines 48--49
\TU/TimesNewRoman(0)/m/n/14.4 prod-uct stake-hold-ers to de-liver re-li-able pla
t-form changes and re-solve high-impact 
 []


Overfull \hbox (3.20654pt too wide) in paragraph at lines 49--50
\TU/TimesNewRoman(0)/m/n/14.4 im-proved vis-i-bil-ity into team ca-pac-ity, thro
ugh-put, work in-take, and de-liv-ery 
 []


Overfull \hbox (28.90572pt too wide) in paragraph at lines 50--51
\TU/TimesNewRoman(0)/m/n/14.4 de-velop re-port-ing tools, as-sess ca-pac-ity aga
inst work in-take, and plan op-er-a-tional 
 []


Overfull \hbox (13.8167pt too wide) in paragraph at lines 51--52
[]\TU/TimesNewRoman(0)/m/n/14.4 Led four-week sprint plan-ning with QA and tech-
ni-cal leads, bal-anc-ing planned 
 []


Overfull \hbox (16.50261pt too wide) in paragraph at lines 56--57
[]\TU/TimesNewRoman(0)/m/n/14.4 De-signed and im-ple-mented a 24/7 on call ro-ta
-tion, es-tab-lish-ing clear es-ca-la-tion 
 []


Overfull \hbox (11.37683pt too wide) in paragraph at lines 57--58
[]\TU/TimesNewRoman(0)/m/n/14.4 De-vel-oped run-books, SOPs, and trou-bleshoot-i
ng guides to im-prove tech-ni-cian 
 []


Overfull \hbox (30.88145pt too wide) in paragraph at lines 58--59
\TU/TimesNewRoman(0)/m/n/14.4 prod-uct stake-hold-ers to de-liver re-li-able pla
t-form changes and re-solve high-impact 
 []


Overfull \hbox (3.20654pt too wide) in paragraph at lines 59--60
\TU/TimesNewRoman(0)/m/n/14.4 im-proved vis-i-bil-ity into team ca-pac-ity, thro
ugh-put, work in-take, and de-liv-ery 
 []


Overfull \hbox (28.90572pt too wide) in paragraph at lines 60--61
\TU/TimesNewRoman(0)/m/n/14.4 de-velop re-port-ing tools, as-sess ca-pac-ity aga
inst work in-take, and plan op-er-a-tional 
 []

[2]
Missing character: There is no ， (U+FF0C) in font "name:Times New Roman:mode=n
ode;script=latn;language=dflt;+tlig;"!

Overfull \hbox (13.8167pt too wide) in paragraph at lines 61--62
[]\TU/TimesNewRoman(0)/m/n/14.4 Led four-week sprint plan-ning with QA and tech-
ni-cal leads, bal-anc-ing planned 
 []

Missing character: There is no ， (U+FF0C) in font "name:Times New Roman:mode=n
ode;script=latn;language=dflt;+tlig;"!

Overfull \hbox (28.99706pt too wide) in paragraph at lines 68--69
[]\TU/TimesNewRoman(0)/m/n/14.4 Led root‑cause anal-y-sis ef-forts and part-ne
red with In-fras-truc-ture and En-gi-neer-ing 
 []


Overfull \hbox (22.4932pt too wide) in paragraph at lines 71--72
[]\TU/TimesNewRoman(0)/m/n/14.4 Es-tab-lished tech-ni-cal stan-dards for in-ci-d
ent triage and es-ca-la-tion in a dis-tributed 
 []


Overfull \hbox (34.91739pt too wide) in paragraph at lines 76--77
[]\TU/TimesNewRoman(0)/m/n/14.4 Part-nered with busi-ness users, an-a-lysts, and
 man-age-ment to trans-late re-quire-ments 
 []


Overfull \hbox (35.30412pt too wide) in paragraph at lines 76--77
\TU/TimesNewRoman(0)/m/n/14.4 into soft-ware so-lu-tions for health-care pay-men
t and fi-nan-cial doc-u-ment work-flows.  
 []

[3
Missing character: There is no ， (U+FF0C) in font "name:Times New Roman:mode=n
ode;script=latn;language=dflt;+tlig;"!
]
Overfull \hbox (28.54012pt too wide) in paragraph at lines 103--104
[]\TU/TimesNewRoman(0)/m/n/14.4 As-sisted in the pro-duc-tion of me-dia con-tent
, in-clud-ing video and au-dio ma-te-ri-als.  
 []


Overfull \hbox (23.06976pt too wide) in paragraph at lines 113--114
[]\TU/TimesNewRoman(0)/m/n/14.4 Bud-get own-er-ship, com-pen-sa-tion plan-ning, and staffing strat-egy for en-gi-neer-ing 
 []


Overfull \hbox (13.33147pt too wide) in paragraph at lines 114--115
[]\TU/TimesNewRoman(0)/m/n/14.4 Cross func-tional co-or-di-na-tion with In-fras-
truc-ture, Net-work-ing, and Op-er-a-tions  
 []


Overfull \hbox (17.05804pt too wide) in paragraph at lines 115--116
[]\TU/TimesNewRoman(0)/m/n/14.4 Pro-cess de-sign, con-tin-u-ous im-prove-ment, 
and or-ga-ni-za-tional change lead-er-ship  
 []

[4] [5] (./resume.aux)
 ***********
LaTeX2e <2026-06-01>
L3 programming layer <2026-09-09>
 ***********
)

Here is how much of LuaTeX's memory you used:
 4141 strings out of 475604
 100000,794899 words of node,token memory allocated
 511 words of node memory still in use:
   3 hlist, 1 vlist, 1 rule, 2 glue, 3 kern, 1 glyph, 4 attribute, 69 glue_spec,
 4 attribute_list, 1 write nodes
   avail lists: 2:381,3:230,4:3,5:131,6:57,7:4862,8:2,9:244,10:2,11:479
 27059 multiletter control sequences out of 65536+600000
 34 fonts using 12937423 bytes
 60i,5n,92p,786b,264s stack positions out of 10000i,1000n,20000p,200000b,200000s
<C:/WINDOWS/Fonts/timesi.ttf><C:/WINDOWS/Fonts/timesbi.ttf><C:/WINDOWS/Fonts/tim
es.ttf><C:/WINDOWS/Fonts/timesbd.ttf>
Output written on resume.pdf (5 pages, 138302 bytes).

PDF statistics: 46 PDF objects out of 1000 (max. 8388607)
 0 named destinations out of 1000 (max. 1048576)
 1 words of extra memory for PDF output out of 10000 (max. 100000000)

